
analyze_last.txt:125:    + 
FullyQualifiedErrorId  
analyze_last.txt:126:   : 
NativeCommandError


